// Jest Snapshot v1, https://goo.gl/fbAQLP

exports[`renders correctly 1`] = `
<video
  autoPlay={true}
  muted={true}
  playsInline={true}
/>
`;
